src/components/FleetVehicleCard.tsx(259,36): error TS2339: Property 'full' does not exist on type '{ xs: number; sm: number; md: number; lg: number; xl: number; xxl: number; }'.
src/components/FleetVehicleCard.tsx(308,36): error TS2339: Property 'full' does not exist on type '{ xs: number; sm: number; md: number; lg: number; xl: number; xxl: number; }'.
src/components/vehicle-condition/DamageReportModal.tsx(70,129): error TS2551: Property 'inputBackground' does not exist on type '{ primary: string; primaryLight: string; primaryDark: string; secondary: string; secondaryLight: string; secondaryDark: string; accent: string; background: string; surface: string; surfaceVariant: string; ... 21 more ...; gradient: { ...; }; }'. Did you mean 'background'?
src/components/vehicle-condition/DamageReportModal.tsx(76,132): error TS2551: Property 'inputBackground' does not exist on type '{ primary: string; primaryLight: string; primaryDark: string; secondary: string; secondaryLight: string; secondaryDark: string; accent: string; background: string; surface: string; surfaceVariant: string; ... 21 more ...; gradient: { ...; }; }'. Did you mean 'background'?
src/components/vehicle-condition/DamageReportModal.tsx(82,129): error TS2551: Property 'inputBackground' does not exist on type '{ primary: string; primaryLight: string; primaryDark: string; secondary: string; secondaryLight: string; secondaryDark: string; accent: string; background: string; surface: string; surfaceVariant: string; ... 21 more ...; gradient: { ...; }; }'. Did you mean 'background'?
src/components/VehicleCard.tsx(64,33): error TS2339: Property 'premiumBadge' does not exist on type '{ card: { backgroundColor: string; borderRadius: number; marginBottom: number; shadowColor: string; shadowOffset: { width: number; height: number; }; shadowOpacity: number; shadowRadius: number; elevation: number; }; ... 45 more ...; star: { ...; }; }'.
src/components/VehicleCard.tsx(65,35): error TS2339: Property 'premiumBadgeText' does not exist on type '{ card: { backgroundColor: string; borderRadius: number; marginBottom: number; shadowColor: string; shadowOffset: { width: number; height: number; }; shadowOpacity: number; shadowRadius: number; elevation: number; }; ... 45 more ...; star: { ...; }; }'.
src/components/VehicleCard.tsx(71,33): error TS2339: Property 'verifiedBadge' does not exist on type '{ card: { backgroundColor: string; borderRadius: number; marginBottom: number; shadowColor: string; shadowOffset: { width: number; height: number; }; shadowOpacity: number; shadowRadius: number; elevation: number; }; ... 45 more ...; star: { ...; }; }'.
src/components/VehicleCard.tsx(73,35): error TS2339: Property 'verifiedText' does not exist on type '{ card: { backgroundColor: string; borderRadius: number; marginBottom: number; shadowColor: string; shadowOffset: { width: number; height: number; }; shadowOpacity: number; shadowRadius: number; elevation: number; }; ... 45 more ...; star: { ...; }; }'.
src/components/VehicleCard.tsx(112,33): error TS2339: Property 'advancedInfo' does not exist on type '{ card: { backgroundColor: string; borderRadius: number; marginBottom: number; shadowColor: string; shadowOffset: { width: number; height: number; }; shadowOpacity: number; shadowRadius: number; elevation: number; }; ... 45 more ...; star: { ...; }; }'.
src/components/VehicleCard.tsx(338,3): error TS2345: Argument of type '{ card: { backgroundColor: string; borderRadius: number; marginBottom: number; shadowColor: string; shadowOffset: { width: number; height: number; }; shadowOpacity: number; shadowRadius: number; elevation: number; }; ... 45 more ...; star: { ...; }; }' is not assignable to parameter of type '{ card: { backgroundColor: string; borderRadius: number; marginBottom: number; shadowColor: string; shadowOffset: { width: number; height: number; }; shadowOpacity: number; shadowRadius: number; elevation: number; }; ... 45 more ...; star: { ...; }; } & NamedStyles<...>'.
  Property 'badge' is incompatible with index signature.
    Object literal may only specify known properties, and 'badge' does not exist in type 'ViewStyle | TextStyle | ImageStyle'.
src/components/VehicleFeatureList.tsx(378,29): error TS2551: Property 'inputBackground' does not exist on type '{ primary: string; primaryLight: string; primaryDark: string; secondary: string; secondaryLight: string; secondaryDark: string; accent: string; background: string; surface: string; surfaceVariant: string; ... 21 more ...; gradient: { ...; }; }'. Did you mean 'background'?
src/components/VehiclePhotoUpload/PhotoGrid.tsx(274,32): error TS2339: Property 'full' does not exist on type '{ xs: number; sm: number; md: number; lg: number; xl: number; xxl: number; }'.
src/components/VehiclePhotoUpload/PhotoGrid.tsx(293,32): error TS2339: Property 'full' does not exist on type '{ xs: number; sm: number; md: number; lg: number; xl: number; xxl: number; }'.
src/screens/FleetManagementScreen.tsx(307,32): error TS2339: Property 'ownerId' does not exist on type 'Vehicle'.
src/screens/MapScreen.tsx(165,9): error TS2322: Type '{ vehicles: Vehicle[]; onVehicleSelect: (vehicle: Vehicle) => void; userLocation: { latitude: number; longitude: number; } | undefined; showUserLocation: true; clustering: boolean; }' is not assignable to type 'IntrinsicAttributes & MapViewProps'.
  Property 'clustering' does not exist on type 'IntrinsicAttributes & MapViewProps'.
src/screens/PublicUserProfileScreen.tsx(182,37): error TS2339: Property 'premium' does not exist on type '{ primary: string; primaryLight: string; primaryDark: string; secondary: string; secondaryLight: string; secondaryDark: string; accent: string; background: string; surface: string; surfaceVariant: string; ... 21 more ...; gradient: { ...; }; }'.
src/screens/PublicUserProfileScreen.tsx(184,37): error TS2339: Property 'partial' does not exist on type '{ primary: string; primaryLight: string; primaryDark: string; secondary: string; secondaryLight: string; secondaryDark: string; accent: string; background: string; surface: string; surfaceVariant: string; ... 21 more ...; gradient: { ...; }; }'.
src/screens/SearchScreen.tsx(168,33): error TS2345: Argument of type 'string' is not assignable to parameter of type '"rejected" | "pending" | "verified" | "expired"'.
src/screens/VehiclePerformanceScreen.tsx(180,26): error TS2339: Property 'ownerId' does not exist on type 'VehiclePerformance'.
src/screens/VehiclePerformanceScreen.tsx(181,27): error TS2339: Property 'location' does not exist on type 'VehiclePerformance'.
